<glyph d="
converted: 12300
converted: 1230
converted: 123
converted: 12.3
converted: 1.23
converted: 0.123
converted: 0.0123
converted: 0.00123

converted: 123
converted: 123

converted: 0
converted: 0
converted: 0
" otherattr="
untouched: 1.23e2
">
untouched: 1.23e2
